src/App.ts(197,5): error TS2741: Property 'latestEnrichedClusters' is missing in type '{ map: null; isMobile: boolean; isDesktopApp: boolean; container: HTMLElement; panels: {}; newsPanels: {}; panelSettings: Record<string, PanelConfig>; ... 40 more ...; PANEL_SPANS_KEY: string; }' but required in type 'AppContext'.
src/app/panel-layout.ts(40,3): error TS6133: 'AlertRulesPanel' is declared but its value is never read.
src/components/AlertRulesPanel.ts(30,34): error TS2339: Property 'ctx' does not exist on type 'AlertRulesPanel'.
src/components/AlertRulesPanel.ts(170,32): error TS2339: Property 'ctx' does not exist on type 'AlertRulesPanel'.
